C51 COMPILER V9.60.0.0   LCD16X2_CMD                                                       09/30/2023 09:51:17 PAGE 1   


C51 COMPILER V9.60.0.0, COMPILATION OF MODULE LCD16X2_CMD
OBJECT MODULE PLACED IN .\Objects\LCD16x2_cmd.obj
COMPILER INVOKED BY: C:\Keil_v5\C51\BIN\C51.EXE ..\Lib\LCD16x2_cmd.c OPTIMIZE(8,SPEED) BROWSE DEBUG OBJECTEXTEND PRINT(.
                    -\Listings\LCD16x2_cmd.lst) TABS(2) OBJECT(.\Objects\LCD16x2_cmd.obj)

line level    source

   1          //Khai bao cac cong giao tiep port
   2          //sbit LCD_RS = P2^0 ;
   3          //sbit LCD_EN = P2^1 ;
   4          //#define LCD P3
   5          #include "LCD16x2_cmd.h"
   6          #include "main.h"
   7          #include "port.h"
   8          #include "../lib/Delay.h"
   9          
  10          sbit LCD_RS = P2^0 ;
  11          sbit LCD_EN = P2^1 ;
  12          #define LCD P0
  13          
  14          //Lenh
  15          void LCD_cmd(unsigned char cmd){
  16   1      
  17   1        LCD_RS = 0;//
  18   1        LCD = cmd ;
  19   1        LCD_EN = 0;
  20   1        LCD_EN = 1;
  21   1        if(cmd <= 0x02){
  22   2          Delay(2);
  23   2        }
  24   1        else 
  25   1          Delay(1);
  26   1      }
  27          //Lenh xuat ra ky tu
  28          void LCD_Data_char( char c){
  29   1        LCD_RS = 1;   //du lieu gui theo dang text
  30   1        LCD = c ;
  31   1        LCD_EN = 0;
  32   1        LCD_EN = 1;
  33   1      
  34   1      }
  35          
  36          //Lenh xuat ra ky tu tai hang row va cot col
  37          void LCD_char_row_col(unsigned char row , unsigned char col, char c){
  38   1        unsigned char cmd;
  39   1        
  40   1        //di chuyen con tro den diem mong muon
  41   1        cmd = (row == 1 ? 0x80 : 0x80+0x40) + col -1;
  42   1        LCD_cmd(cmd);//da di chuyen con tro
  43   1        
  44   1        LCD_Data_char(c);
  45   1      }
  46          
  47          // gui va xuat ra chuoi string
  48          void LCD_Data_str(char *c){
  49   1        unsigned char i = 0;
  50   1        while(c[i]!= 0 ){
  51   2          LCD_Data_char(c[i]);
  52   2          i++;
  53   2        }
  54   1      }
C51 COMPILER V9.60.0.0   LCD16X2_CMD                                                       09/30/2023 09:51:17 PAGE 2   

  55          void LCD_str_row_col(unsigned char row , unsigned char col, char *c){
  56   1        unsigned char cmd;
  57   1        //di chuyen con tro den vi tri can thiet
  58   1        
  59   1        cmd = (row == 1 ? 0x80 : (0x80 + 0x40)) + col - 1;
  60   1        LCD_cmd(cmd);
  61   1        
  62   1        LCD_Data_str(c);
  63   1        
  64   1      }
  65          
  66          //ham khoi tao led 
  67          void LCD_Init(){//Khoi tao LCD
  68   1        LCD_cmd(0x30);
  69   1        Delay(5);
  70   1        LCD_cmd(0x30);
  71   1        Delay(1);
  72   1        LCD_cmd(0x30);
  73   1        
  74   1        LCD_cmd(_LCD_8BIT_2LINE_5x7FONT); // so dong hien thi(neu dung 4 bit thi 0x30)
  75   1        
  76   1        LCD_cmd(0x01);//Xoa noi dung hien thi
  77   1        LCD_cmd(0x0C);
  78   1      
  79   1        
  80   1      }
  81          
  82          
  83          


MODULE INFORMATION:   STATIC OVERLAYABLE
   CODE SIZE        =    178    ----
   CONSTANT SIZE    =   ----    ----
   XDATA SIZE       =   ----    ----
   PDATA SIZE       =   ----    ----
   DATA SIZE        =   ----       7
   IDATA SIZE       =   ----    ----
   BIT SIZE         =   ----    ----
END OF MODULE INFORMATION.


C51 COMPILATION COMPLETE.  0 WARNING(S),  0 ERROR(S)
